{"level":"info","message":"Server running on http://localhost:5000"}
{"level":"info","message":"Server running on http://localhost:5000"}
{"level":"info","message":"Server running on http://localhost:5000"}
{"level":"info","message":"Server running on http://localhost:5000"}
{"level":"info","message":"Server running on http://localhost:5000"}
{"level":"info","message":"Server running on http://localhost:5000"}
{"level":"info","message":"MongoDB Connected: ac-m3wlvpx-shard-00-01.jbzfnir.mongodb.net"}
{"level":"info","message":"Server running on http://localhost:5000"}
{"level":"info","message":"MongoDB Connected: ac-m3wlvpx-shard-00-02.jbzfnir.mongodb.net"}
{"level":"info","message":"Server running on http://localhost:5000"}
{"level":"info","message":"MongoDB Connected: ac-m3wlvpx-shard-00-01.jbzfnir.mongodb.net"}
{"level":"info","message":"Server running on http://localhost:5000"}
{"level":"info","message":"MongoDB Connected: ac-m3wlvpx-shard-00-02.jbzfnir.mongodb.net"}
{"level":"info","message":"Server running on http://localhost:5000"}
{"level":"info","message":"MongoDB Connected: ac-m3wlvpx-shard-00-01.jbzfnir.mongodb.net"}
{"level":"info","message":"Server running on http://localhost:5000"}
{"level":"info","message":"MongoDB Connected: ac-m3wlvpx-shard-00-01.jbzfnir.mongodb.net"}
{"level":"info","message":"Server running on http://localhost:5000"}
{"level":"info","message":"MongoDB Connected: ac-m3wlvpx-shard-00-01.jbzfnir.mongodb.net"}
{"level":"info","message":"Server running on http://localhost:5000"}
{"level":"info","message":"MongoDB Connected: ac-m3wlvpx-shard-00-00.jbzfnir.mongodb.net"}
{"level":"info","message":"Server running on http://localhost:5000"}
{"level":"info","message":"MongoDB Connected: ac-m3wlvpx-shard-00-00.jbzfnir.mongodb.net"}
{"level":"info","message":"Server running on http://localhost:5000"}
{"level":"info","message":"MongoDB Connected: ac-m3wlvpx-shard-00-00.jbzfnir.mongodb.net"}
{"level":"info","message":"Server running on http://localhost:5000"}
{"level":"info","message":"MongoDB Connected: ac-m3wlvpx-shard-00-02.jbzfnir.mongodb.net"}
{"level":"info","message":"Server running on http://localhost:5000"}
{"level":"info","message":"MongoDB Connected: ac-m3wlvpx-shard-00-01.jbzfnir.mongodb.net"}
{"level":"info","message":"Server running on http://localhost:5000"}
{"level":"info","message":"MongoDB Connected: ac-m3wlvpx-shard-00-01.jbzfnir.mongodb.net"}
{"level":"info","message":"Server running on http://localhost:5000"}
{"level":"info","message":"MongoDB Connected: ac-m3wlvpx-shard-00-02.jbzfnir.mongodb.net"}
{"level":"info","message":"Server running on http://localhost:5000"}
{"level":"info","message":"MongoDB Connected: ac-m3wlvpx-shard-00-00.jbzfnir.mongodb.net"}
{"level":"info","message":"Server running on http://localhost:5000"}
{"level":"info","message":"MongoDB Connected: ac-m3wlvpx-shard-00-02.jbzfnir.mongodb.net"}
{"level":"info","message":"Server running on http://localhost:5000"}
{"level":"info","message":"MongoDB Connected: ac-m3wlvpx-shard-00-01.jbzfnir.mongodb.net"}
{"level":"info","message":"Server running on http://localhost:5000"}
{"level":"info","message":"MongoDB Connected: ac-m3wlvpx-shard-00-00.jbzfnir.mongodb.net"}
{"level":"info","message":"Server running on http://localhost:5000"}
{"level":"info","message":"Server running on http://localhost:5000"}
{"level":"info","message":"MongoDB Connected: ac-m3wlvpx-shard-00-02.jbzfnir.mongodb.net"}
{"level":"info","message":"Server running on http://localhost:5000"}
{"level":"info","message":"MongoDB Connected: ac-m3wlvpx-shard-00-02.jbzfnir.mongodb.net"}
{"level":"info","message":"Server running on http://localhost:5000"}
{"level":"info","message":"MongoDB Connected: ac-m3wlvpx-shard-00-00.jbzfnir.mongodb.net"}
{"level":"info","message":"Server running on http://localhost:5000"}
{"level":"info","message":"MongoDB Connected: ac-m3wlvpx-shard-00-02.jbzfnir.mongodb.net"}
{"level":"info","message":"Server running on http://localhost:5000"}
{"level":"info","message":"MongoDB Connected: ac-m3wlvpx-shard-00-00.jbzfnir.mongodb.net"}
{"level":"info","message":"Server running on http://localhost:5000"}
{"level":"info","message":"MongoDB Connected: ac-m3wlvpx-shard-00-00.jbzfnir.mongodb.net"}
{"level":"info","message":"Server running on http://localhost:5000"}
{"level":"info","message":"MongoDB Connected: ac-m3wlvpx-shard-00-01.jbzfnir.mongodb.net"}
{"level":"info","message":"Server running on http://localhost:5000"}
{"level":"info","message":"MongoDB Connected: ac-m3wlvpx-shard-00-01.jbzfnir.mongodb.net"}
{"level":"info","message":"Server running on http://localhost:5000"}
{"level":"info","message":"MongoDB Connected: ac-m3wlvpx-shard-00-00.jbzfnir.mongodb.net"}
{"level":"info","message":"Server running on http://localhost:5000"}
{"level":"info","message":"Server running on http://localhost:5000"}
{"level":"info","message":"MongoDB Connected: ac-m3wlvpx-shard-00-00.jbzfnir.mongodb.net"}
{"level":"info","message":"Server running on http://localhost:5000"}
{"level":"info","message":"MongoDB Connected: ac-m3wlvpx-shard-00-02.jbzfnir.mongodb.net"}
{"level":"info","message":"Server running on http://localhost:5000"}
{"level":"info","message":"MongoDB Connected: ac-m3wlvpx-shard-00-01.jbzfnir.mongodb.net"}
{"level":"info","message":"Server running on http://localhost:5000"}
{"level":"info","message":"MongoDB Connected: ac-m3wlvpx-shard-00-01.jbzfnir.mongodb.net"}
{"level":"info","message":"Server running on http://localhost:5000"}
{"level":"info","message":"MongoDB Connected: ac-m3wlvpx-shard-00-02.jbzfnir.mongodb.net"}
{"level":"info","message":"Server running on http://localhost:5000"}
{"level":"info","message":"Server running on http://localhost:5000"}
{"level":"info","message":"MongoDB Connected: ac-m3wlvpx-shard-00-01.jbzfnir.mongodb.net"}
{"level":"error","message":{"email":"haoguntundegmail.com","ip":"::1","reason":"Invalid input","route":"/api/user/auth","status":"error"}}
{"level":"error","message":{"email":"haoguntundegmail.com","ip":"::1","reason":"Invalid input","route":"/api/user/auth","status":"error"}}
{"level":"info","message":"Server running on http://localhost:5000"}
{"level":"info","message":"MongoDB Connected: ac-m3wlvpx-shard-00-01.jbzfnir.mongodb.net"}
{"level":"error","message":{"email":"haoguntundegmail.com","ip":"::1","reason":"Invalid input","route":"/api/user/auth","status":"error"}}
{"level":"info","message":"Server running on http://localhost:5000"}
{"level":"info","message":"MongoDB Connected: ac-m3wlvpx-shard-00-01.jbzfnir.mongodb.net"}
{"level":"info","message":"Server running on http://localhost:5000"}
{"level":"info","message":"MongoDB Connected: ac-m3wlvpx-shard-00-00.jbzfnir.mongodb.net"}
{"level":"info","message":"Server running on http://localhost:5000"}
{"level":"info","message":"MongoDB Connected: ac-m3wlvpx-shard-00-00.jbzfnir.mongodb.net"}
{"level":"info","message":"Server running on http://localhost:5000"}
{"level":"info","message":"MongoDB Connected: ac-m3wlvpx-shard-00-01.jbzfnir.mongodb.net"}
{"level":"info","message":"Server running on http://localhost:5000"}
{"level":"info","message":"MongoDB Connected: ac-m3wlvpx-shard-00-00.jbzfnir.mongodb.net"}
{"level":"info","message":"Server running on http://localhost:5000"}
{"level":"info","message":"MongoDB Connected: ac-m3wlvpx-shard-00-02.jbzfnir.mongodb.net"}
{"level":"info","message":"Server running on http://localhost:5000"}
{"level":"info","message":"MongoDB Connected: ac-m3wlvpx-shard-00-01.jbzfnir.mongodb.net"}
{"level":"info","message":"Server running on http://localhost:5000"}
{"level":"info","message":"MongoDB Connected: ac-m3wlvpx-shard-00-02.jbzfnir.mongodb.net"}
{"level":"info","message":"Server running on http://localhost:5000"}
{"level":"info","message":"MongoDB Connected: ac-m3wlvpx-shard-00-01.jbzfnir.mongodb.net"}
{"level":"info","message":"Server running on http://localhost:5000"}
{"level":"info","message":"MongoDB Connected: ac-m3wlvpx-shard-00-02.jbzfnir.mongodb.net"}
{"level":"info","message":"Server running on http://localhost:5000"}
{"level":"info","message":"MongoDB Connected: ac-m3wlvpx-shard-00-02.jbzfnir.mongodb.net"}
{"level":"info","message":"Server running on http://localhost:5000"}
{"level":"info","message":"MongoDB Connected: ac-m3wlvpx-shard-00-02.jbzfnir.mongodb.net"}
{"level":"info","message":"Server running on http://localhost:5000"}
{"level":"info","message":"MongoDB Connected: ac-m3wlvpx-shard-00-00.jbzfnir.mongodb.net"}
{"level":"info","message":"Server running on http://localhost:5000"}
{"level":"info","message":"MongoDB Connected: ac-m3wlvpx-shard-00-02.jbzfnir.mongodb.net"}
{"level":"info","message":"Server running on http://localhost:5000"}
{"level":"info","message":"MongoDB Connected: ac-m3wlvpx-shard-00-02.jbzfnir.mongodb.net"}
{"level":"info","message":"Server running on http://localhost:5000"}
{"level":"info","message":"MongoDB Connected: ac-m3wlvpx-shard-00-02.jbzfnir.mongodb.net"}
{"level":"info","message":"Server running on http://localhost:5000"}
{"level":"info","message":"MongoDB Connected: ac-m3wlvpx-shard-00-02.jbzfnir.mongodb.net"}
{"level":"info","message":"Server running on http://localhost:5000"}
{"level":"info","message":"MongoDB Connected: ac-m3wlvpx-shard-00-00.jbzfnir.mongodb.net"}
{"level":"info","message":"Server running on http://localhost:5000"}
{"level":"info","message":"MongoDB Connected: ac-m3wlvpx-shard-00-01.jbzfnir.mongodb.net"}
{"level":"info","message":"Server running on http://localhost:5000"}
{"level":"info","message":"MongoDB Connected: ac-m3wlvpx-shard-00-00.jbzfnir.mongodb.net"}
{"level":"info","message":"Server running on http://localhost:5000"}
{"level":"info","message":"MongoDB Connected: ac-m3wlvpx-shard-00-02.jbzfnir.mongodb.net"}
{"level":"info","message":"Server running on http://localhost:5000"}
{"level":"info","message":"MongoDB Connected: ac-m3wlvpx-shard-00-02.jbzfnir.mongodb.net"}
{"level":"info","message":"Server running on http://localhost:5000"}
{"level":"info","message":"MongoDB Connected: ac-m3wlvpx-shard-00-01.jbzfnir.mongodb.net"}
{"level":"info","message":"Server running on http://localhost:5000"}
{"level":"info","message":"MongoDB Connected: ac-m3wlvpx-shard-00-02.jbzfnir.mongodb.net"}
{"level":"info","message":"Server running on http://localhost:5000"}
{"level":"info","message":"MongoDB Connected: ac-m3wlvpx-shard-00-00.jbzfnir.mongodb.net"}
{"level":"info","message":"Server running on http://localhost:5000"}
{"level":"info","message":"MongoDB Connected: ac-m3wlvpx-shard-00-00.jbzfnir.mongodb.net"}
{"level":"info","message":"Server running on http://localhost:5000"}
{"level":"info","message":"MongoDB Connected: ac-m3wlvpx-shard-00-01.jbzfnir.mongodb.net"}
{"level":"info","message":"Server running on http://localhost:5000"}
{"level":"info","message":"MongoDB Connected: ac-m3wlvpx-shard-00-02.jbzfnir.mongodb.net"}
{"level":"info","message":"Server running on http://localhost:5000"}
{"level":"info","message":"MongoDB Connected: ac-m3wlvpx-shard-00-01.jbzfnir.mongodb.net"}
{"level":"info","message":"Server running on http://localhost:5000"}
{"level":"info","message":"MongoDB Connected: ac-m3wlvpx-shard-00-01.jbzfnir.mongodb.net"}
{"level":"info","message":"Server running on http://localhost:5000"}
{"level":"info","message":"MongoDB Connected: ac-m3wlvpx-shard-00-01.jbzfnir.mongodb.net"}
{"level":"info","message":"Server running on http://localhost:5000"}
{"level":"info","message":"MongoDB Connected: ac-m3wlvpx-shard-00-00.jbzfnir.mongodb.net"}
{"level":"info","message":"Server running on http://localhost:5000"}
{"level":"info","message":"MongoDB Connected: ac-m3wlvpx-shard-00-00.jbzfnir.mongodb.net"}
{"level":"info","message":"Server running on http://localhost:5000"}
{"level":"info","message":"MongoDB Connected: ac-m3wlvpx-shard-00-01.jbzfnir.mongodb.net"}
{"level":"info","message":"Server running on http://localhost:5000"}
{"level":"info","message":"MongoDB Connected: ac-m3wlvpx-shard-00-02.jbzfnir.mongodb.net"}
{"level":"info","message":"Server running on http://localhost:5000"}
{"level":"info","message":"MongoDB Connected: ac-m3wlvpx-shard-00-01.jbzfnir.mongodb.net"}
{"level":"info","message":"Server running on http://localhost:5000"}
{"level":"info","message":"MongoDB Connected: ac-m3wlvpx-shard-00-00.jbzfnir.mongodb.net"}
{"level":"info","message":"Server running on http://localhost:5000"}
{"level":"info","message":"MongoDB Connected: ac-m3wlvpx-shard-00-02.jbzfnir.mongodb.net"}
{"level":"info","message":"Server running on http://localhost:5000"}
{"level":"info","message":"MongoDB Connected: ac-m3wlvpx-shard-00-00.jbzfnir.mongodb.net"}
{"level":"info","message":"Server running on http://localhost:5000"}
{"level":"info","message":"MongoDB Connected: ac-m3wlvpx-shard-00-00.jbzfnir.mongodb.net"}
{"level":"info","message":"Server running on http://localhost:5000"}
{"level":"info","message":"MongoDB Connected: ac-m3wlvpx-shard-00-00.jbzfnir.mongodb.net"}
{"level":"info","message":"Server running on http://localhost:5000"}
{"level":"info","message":"MongoDB Connected: ac-m3wlvpx-shard-00-00.jbzfnir.mongodb.net"}
{"level":"info","message":"Server running on http://localhost:5000"}
{"level":"info","message":"MongoDB Connected: ac-m3wlvpx-shard-00-00.jbzfnir.mongodb.net"}
{"level":"info","message":"Server running on http://localhost:5000"}
{"level":"info","message":"MongoDB Connected: ac-m3wlvpx-shard-00-01.jbzfnir.mongodb.net"}
{"level":"info","message":"Server running on http://localhost:5000"}
{"level":"info","message":"MongoDB Connected: ac-m3wlvpx-shard-00-01.jbzfnir.mongodb.net"}
{"level":"info","message":"Server running on http://localhost:5000"}
{"level":"info","message":"MongoDB Connected: ac-m3wlvpx-shard-00-00.jbzfnir.mongodb.net"}
{"level":"info","message":"Server running on http://localhost:5000"}
{"level":"info","message":"Server running on http://localhost:5000"}
{"level":"info","message":"Server running on http://localhost:5000"}
{"level":"info","message":"MongoDB Connected: ac-m3wlvpx-shard-00-01.jbzfnir.mongodb.net"}
{"level":"info","message":"Server running on http://localhost:5000"}
{"level":"info","message":"MongoDB Connected: ac-m3wlvpx-shard-00-01.jbzfnir.mongodb.net"}
{"level":"info","message":"Server running on http://localhost:5000"}
{"level":"info","message":"MongoDB Connected: ac-m3wlvpx-shard-00-01.jbzfnir.mongodb.net"}
{"level":"info","message":"Server running on http://localhost:5000"}
{"level":"info","message":"MongoDB Connected: ac-m3wlvpx-shard-00-00.jbzfnir.mongodb.net"}
{"level":"info","message":"Server running on http://localhost:5000"}
{"level":"info","message":"Server running on http://localhost:5000"}
{"level":"info","message":"MongoDB Connected: ac-m3wlvpx-shard-00-02.jbzfnir.mongodb.net"}
{"level":"info","message":"Server running on http://localhost:5000"}
{"level":"info","message":"Server running on http://localhost:5000"}
{"level":"info","message":"MongoDB Connected: ac-m3wlvpx-shard-00-01.jbzfnir.mongodb.net"}
{"level":"info","message":"Server running on http://localhost:5000"}
{"level":"info","message":"MongoDB Connected: ac-m3wlvpx-shard-00-01.jbzfnir.mongodb.net"}
{"level":"info","message":"Server running on http://localhost:5000"}
{"level":"info","message":"MongoDB Connected: ac-m3wlvpx-shard-00-00.jbzfnir.mongodb.net"}
{"level":"info","message":"Server running on http://localhost:5000"}
{"level":"info","message":"MongoDB Connected: ac-m3wlvpx-shard-00-00.jbzfnir.mongodb.net"}
{"level":"info","message":"Server running on http://localhost:5000"}
{"level":"info","message":"MongoDB Connected: ac-m3wlvpx-shard-00-01.jbzfnir.mongodb.net"}
{"level":"info","message":"Server running on http://localhost:5000"}
{"level":"info","message":"MongoDB Connected: ac-m3wlvpx-shard-00-01.jbzfnir.mongodb.net"}
{"level":"info","message":"Server running on http://localhost:5000"}
{"level":"info","message":"MongoDB Connected: ac-m3wlvpx-shard-00-02.jbzfnir.mongodb.net"}
{"level":"info","message":"Server running on http://localhost:5000"}
{"level":"info","message":"MongoDB Connected: ac-m3wlvpx-shard-00-00.jbzfnir.mongodb.net"}
{"level":"info","message":"Server running on http://localhost:5000"}
{"level":"info","message":"MongoDB Connected: ac-m3wlvpx-shard-00-02.jbzfnir.mongodb.net"}
{"level":"info","message":"Server running on http://localhost:5000"}
{"level":"info","message":"MongoDB Connected: ac-m3wlvpx-shard-00-00.jbzfnir.mongodb.net"}
{"level":"info","message":"Server running on http://localhost:5000"}
{"level":"info","message":"MongoDB Connected: ac-m3wlvpx-shard-00-00.jbzfnir.mongodb.net"}
{"level":"info","message":"Server running on http://localhost:5000"}
{"level":"info","message":"MongoDB Connected: ac-m3wlvpx-shard-00-00.jbzfnir.mongodb.net"}
{"level":"info","message":"Server running on http://localhost:5000"}
{"level":"info","message":"Server running on http://localhost:5000"}
{"level":"info","message":"MongoDB Connected: ac-m3wlvpx-shard-00-02.jbzfnir.mongodb.net"}
{"level":"info","message":"Server running on http://localhost:5000"}
{"level":"info","message":"MongoDB Connected: ac-m3wlvpx-shard-00-02.jbzfnir.mongodb.net"}
{"level":"info","message":"Server running on http://localhost:5000"}
{"level":"info","message":"MongoDB Connected: ac-m3wlvpx-shard-00-01.jbzfnir.mongodb.net"}
{"level":"info","message":"Server running on http://localhost:5000"}
{"level":"info","message":"MongoDB Connected: ac-m3wlvpx-shard-00-02.jbzfnir.mongodb.net"}
{"level":"info","message":"Server running on http://localhost:5000"}
{"level":"info","message":"MongoDB Connected: ac-m3wlvpx-shard-00-00.jbzfnir.mongodb.net"}
{"level":"info","message":"Server running on http://localhost:5000"}
{"level":"info","message":"Server running on http://localhost:5000"}
{"level":"info","message":"MongoDB Connected: ac-m3wlvpx-shard-00-01.jbzfnir.mongodb.net"}
{"level":"info","message":"Server running on http://localhost:5000"}
{"level":"info","message":"Server running on http://localhost:5000"}
{"level":"info","message":"MongoDB Connected: ac-m3wlvpx-shard-00-00.jbzfnir.mongodb.net"}
{"level":"info","message":"Server running on http://localhost:5000"}
{"level":"info","message":"MongoDB Connected: ac-m3wlvpx-shard-00-02.jbzfnir.mongodb.net"}
{"level":"info","message":"Server running on http://localhost:5000"}
{"level":"info","message":"MongoDB Connected: ac-m3wlvpx-shard-00-00.jbzfnir.mongodb.net"}
{"level":"info","message":"Server running on http://localhost:5000"}
{"level":"info","message":"MongoDB Connected: ac-m3wlvpx-shard-00-00.jbzfnir.mongodb.net"}
{"level":"info","message":"Server running on http://localhost:5000"}
{"level":"info","message":"MongoDB Connected: ac-m3wlvpx-shard-00-02.jbzfnir.mongodb.net"}
{"level":"info","message":"Server running on http://localhost:5000"}
{"level":"info","message":"Server running on http://localhost:5000"}
{"level":"info","message":"MongoDB Connected: ac-m3wlvpx-shard-00-02.jbzfnir.mongodb.net"}
{"level":"info","message":"Server running on http://localhost:5000"}
{"level":"info","message":"MongoDB Connected: ac-m3wlvpx-shard-00-00.jbzfnir.mongodb.net"}
{"level":"info","message":"Server running on http://localhost:5000"}
{"level":"info","message":"MongoDB Connected: ac-m3wlvpx-shard-00-01.jbzfnir.mongodb.net"}
{"level":"info","message":"Found 0 spots near [7.999, 8.000]"}
{"level":"info","message":"Server running on http://localhost:5000"}
{"level":"info","message":"Server running on http://localhost:5000"}
{"level":"info","message":"MongoDB Connected: ac-m3wlvpx-shard-00-01.jbzfnir.mongodb.net"}
{"level":"info","message":"Found 0 spots near [7.999, 8.000]"}
{"level":"info","message":"Server running on http://localhost:5000"}
{"level":"info","message":"MongoDB Connected: ac-m3wlvpx-shard-00-02.jbzfnir.mongodb.net"}
{"level":"info","message":"Found 0 spots near [7.999, 8.000]"}
{"level":"info","message":"Found 0 spots near [7, 8]"}
{"level":"info","message":"Server running on http://localhost:5000"}
{"level":"info","message":"MongoDB Connected: ac-m3wlvpx-shard-00-02.jbzfnir.mongodb.net"}
{"level":"info","message":"Server running on http://localhost:5000"}
{"level":"info","message":"MongoDB Connected: ac-m3wlvpx-shard-00-01.jbzfnir.mongodb.net"}
{"level":"info","message":"Server running on port 5000"}
{"level":"info","message":"MongoDB Connected: ac-m3wlvpx-shard-00-01.jbzfnir.mongodb.net"}
{"level":"info","message":"Server running on port 5000"}
{"level":"info","message":"Server running on port 5000"}
{"level":"info","message":"MongoDB Connected: ac-m3wlvpx-shard-00-02.jbzfnir.mongodb.net"}
{"level":"info","message":"Server running on port 5000"}
{"level":"info","message":"MongoDB Connected: ac-m3wlvpx-shard-00-00.jbzfnir.mongodb.net"}
{"level":"info","message":"Server running on port 5000"}
{"level":"info","message":"MongoDB Connected: ac-m3wlvpx-shard-00-01.jbzfnir.mongodb.net"}
{"level":"info","message":"Server running on port 5000"}
{"level":"info","message":"MongoDB Connected: ac-m3wlvpx-shard-00-00.jbzfnir.mongodb.net"}
{"level":"info","message":"Server running on port 5000"}
{"level":"info","message":"MongoDB Connected: ac-m3wlvpx-shard-00-00.jbzfnir.mongodb.net"}
{"level":"info","message":"Server running on port 5000"}
{"level":"info","message":"Server running on port 5000"}
{"level":"info","message":"MongoDB Connected: ac-m3wlvpx-shard-00-00.jbzfnir.mongodb.net"}
{"level":"info","message":"Server running on port 5000"}
{"level":"info","message":"MongoDB Connected: ac-m3wlvpx-shard-00-02.jbzfnir.mongodb.net"}
{"level":"info","message":"Server running on port 5000"}
{"level":"info","message":"MongoDB Connected: ac-m3wlvpx-shard-00-00.jbzfnir.mongodb.net"}
{"level":"info","message":"Server running on port 5000"}
{"level":"info","message":"MongoDB Connected: ac-m3wlvpx-shard-00-01.jbzfnir.mongodb.net"}
{"level":"info","message":"Server running on port 5000"}
{"level":"info","message":"MongoDB Connected: ac-m3wlvpx-shard-00-01.jbzfnir.mongodb.net"}
{"level":"info","message":"Server running on port 5000"}
{"level":"info","message":"MongoDB Connected: ac-m3wlvpx-shard-00-00.jbzfnir.mongodb.net"}
{"level":"info","message":"Server running on port 5000"}
{"level":"info","message":"MongoDB Connected: ac-m3wlvpx-shard-00-02.jbzfnir.mongodb.net"}
{"level":"info","message":"Server running on port 5000"}
{"level":"info","message":"Server running on port 5000"}
{"level":"info","message":"MongoDB Connected: ac-m3wlvpx-shard-00-02.jbzfnir.mongodb.net"}
{"level":"info","message":"Server running on port 5000"}
{"level":"info","message":"MongoDB Connected: ac-m3wlvpx-shard-00-02.jbzfnir.mongodb.net"}
{"level":"info","message":"Server running on port 5000"}
{"level":"info","message":"MongoDB Connected: ac-m3wlvpx-shard-00-00.jbzfnir.mongodb.net"}
{"level":"info","message":"Server running on port 5000"}
{"level":"info","message":"MongoDB Connected: ac-m3wlvpx-shard-00-02.jbzfnir.mongodb.net"}
{"level":"info","message":"Server running on port 5000"}
{"level":"info","message":"MongoDB Connected: ac-m3wlvpx-shard-00-01.jbzfnir.mongodb.net"}
{"level":"info","message":"Server running on port 5000"}
{"level":"info","message":"MongoDB Connected: ac-m3wlvpx-shard-00-01.jbzfnir.mongodb.net"}
{"level":"info","message":"Server running on port 5000"}
{"level":"info","message":"MongoDB Connected: ac-m3wlvpx-shard-00-00.jbzfnir.mongodb.net"}
{"level":"info","message":"Server running on port 5000"}
{"level":"info","message":"MongoDB Connected: ac-m3wlvpx-shard-00-02.jbzfnir.mongodb.net"}
{"level":"info","message":"Server running on port 5000"}
{"level":"info","message":"MongoDB Connected: ac-m3wlvpx-shard-00-01.jbzfnir.mongodb.net"}
{"level":"info","message":"Server running on port 5000"}
{"level":"info","message":"Server running on port 5000"}
{"level":"info","message":"MongoDB Connected: ac-m3wlvpx-shard-00-00.jbzfnir.mongodb.net"}
{"level":"info","message":"Server running on port 5000"}
{"level":"info","message":"MongoDB Connected: ac-m3wlvpx-shard-00-00.jbzfnir.mongodb.net"}
{"level":"info","message":"Server running on port 5000"}
{"level":"error","message":"MongoDB connection error: Could not connect to any servers in your MongoDB Atlas cluster. One common reason is that you're trying to access the database from an IP that isn't whitelisted. Make sure your current IP address is on your Atlas cluster's IP whitelist: https://www.mongodb.com/docs/atlas/security-whitelist/"}
{"level":"info","message":"Server running on port 5000"}
{"level":"error","message":"Error: Could not connect to any servers in your MongoDB Atlas cluster. One common reason is that you're trying to access the database from an IP that isn't whitelisted. Make sure your current IP address is on your Atlas cluster's IP whitelist: https://www.mongodb.com/docs/atlas/security-whitelist/"}
{"level":"info","message":"Server running on port 5000"}
{"level":"error","message":"Error: Could not connect to any servers in your MongoDB Atlas cluster. One common reason is that you're trying to access the database from an IP that isn't whitelisted. Make sure your current IP address is on your Atlas cluster's IP whitelist: https://www.mongodb.com/docs/atlas/security-whitelist/"}
{"level":"info","message":"Server running on port 5000"}
{"level":"error","message":"Error: Could not connect to any servers in your MongoDB Atlas cluster. One common reason is that you're trying to access the database from an IP that isn't whitelisted. Make sure your current IP address is on your Atlas cluster's IP whitelist: https://www.mongodb.com/docs/atlas/security-whitelist/"}
{"level":"info","message":"Server running on port 5000"}
{"level":"error","message":"Error: Could not connect to any servers in your MongoDB Atlas cluster. One common reason is that you're trying to access the database from an IP that isn't whitelisted. Make sure your current IP address is on your Atlas cluster's IP whitelist: https://www.mongodb.com/docs/atlas/security-whitelist/"}
{"level":"info","message":"Server running on port 5000"}
{"level":"error","message":"Error: Could not connect to any servers in your MongoDB Atlas cluster. One common reason is that you're trying to access the database from an IP that isn't whitelisted. Make sure your current IP address is on your Atlas cluster's IP whitelist: https://www.mongodb.com/docs/atlas/security-whitelist/"}
{"level":"info","message":"Server running on port 5000"}
{"level":"info","message":"MongoDB Connected: ac-m3wlvpx-shard-00-02.jbzfnir.mongodb.net"}
